// Jest Snapshot v1, https://goo.gl/fbAQLP

exports[`CONFIGURE_BOARD should configure for CONFIG_EASY 1`] = `
Object {
  "board": Array [
    Array [
      Object {
        "hasMine": false,
        "mineCount": 0,
        "state": 0,
      },
      Object {
        "hasMine": false,
        "mineCount": 0,
        "state": 0,
      },
      Object {
        "hasMine": false,
        "mineCount": 0,
        "state": 0,
      },
      Object {
        "hasMine": false,
        "mineCount": 0,
        "state": 0,
      },
      Object {
        "hasMine": false,
        "mineCount": 0,
        "state": 0,
      },
      Object {
        "hasMine": false,
        "mineCount": 0,
        "state": 0,
      },
      Object {
        "hasMine": false,
        "mineCount": 0,
        "state": 0,
      },
      Object {
        "hasMine": false,
        "mineCount": 0,
        "state": 0,
      },
      Object {
        "hasMine": false,
        "mineCount": 0,
        "state": 0,
      },
    ],
    Array [
      Object {
        "hasMine": false,
        "mineCount": 0,
        "state": 0,
      },
      Object {
        "hasMine": false,
        "mineCount": 0,
        "state": 0,
      },
      Object {
        "hasMine": false,
        "mineCount": 0,
        "state": 0,
      },
      Object {
        "hasMine": false,
        "mineCount": 0,
        "state": 0,
      },
      Object {
        "hasMine": false,
        "mineCount": 0,
        "state": 0,
      },
      Object {
        "hasMine": false,
        "mineCount": 0,
        "state": 0,
      },
      Object {
        "hasMine": false,
        "mineCount": 0,
        "state": 0,
      },
      Object {
        "hasMine": false,
        "mineCount": 0,
        "state": 0,
      },
      Object {
        "hasMine": false,
        "mineCount": 0,
        "state": 0,
      },
    ],
    Array [
      Object {
        "hasMine": false,
        "mineCount": 0,
        "state": 0,
      },
      Object {
        "hasMine": false,
        "mineCount": 0,
        "state": 0,
      },
      Object {
        "hasMine": false,
        "mineCount": 0,
        "state": 0,
      },
      Object {
        "hasMine": false,
        "mineCount": 0,
        "state": 0,
      },
      Object {
        "hasMine": false,
        "mineCount": 0,
        "state": 0,
      },
      Object {
        "hasMine": false,
        "mineCount": 0,
        "state": 0,
      },
      Object {
        "hasMine": false,
        "mineCount": 0,
        "state": 0,
      },
      Object {
        "hasMine": false,
        "mineCount": 0,
        "state": 0,
      },
      Object {
        "hasMine": false,
        "mineCount": 0,
        "state": 0,
      },
    ],
    Array [
      Object {
        "hasMine": false,
        "mineCount": 0,
        "state": 0,
      },
      Object {
        "hasMine": false,
        "mineCount": 0,
        "state": 0,
      },
      Object {
        "hasMine": false,
        "mineCount": 0,
        "state": 0,
      },
      Object {
        "hasMine": false,
        "mineCount": 0,
        "state": 0,
      },
      Object {
        "hasMine": false,
        "mineCount": 0,
        "state": 0,
      },
      Object {
        "hasMine": false,
        "mineCount": 0,
        "state": 0,
      },
      Object {
        "hasMine": false,
        "mineCount": 0,
        "state": 0,
      },
      Object {
        "hasMine": false,
        "mineCount": 0,
        "state": 0,
      },
      Object {
        "hasMine": false,
        "mineCount": 0,
        "state": 0,
      },
    ],
    Array [
      Object {
        "hasMine": false,
        "mineCount": 0,
        "state": 0,
      },
      Object {
        "hasMine": false,
        "mineCount": 0,
        "state": 0,
      },
      Object {
        "hasMine": false,
        "mineCount": 0,
        "state": 0,
      },
      Object {
        "hasMine": false,
        "mineCount": 0,
        "state": 0,
      },
      Object {
        "hasMine": false,
        "mineCount": 0,
        "state": 0,
      },
      Object {
        "hasMine": false,
        "mineCount": 0,
        "state": 0,
      },
      Object {
        "hasMine": false,
        "mineCount": 0,
        "state": 0,
      },
      Object {
        "hasMine": false,
        "mineCount": 0,
        "state": 0,
      },
      Object {
        "hasMine": false,
        "mineCount": 0,
        "state": 0,
      },
    ],
    Array [
      Object {
        "hasMine": false,
        "mineCount": 0,
        "state": 0,
      },
      Object {
        "hasMine": false,
        "mineCount": 0,
        "state": 0,
      },
      Object {
        "hasMine": false,
        "mineCount": 0,
        "state": 0,
      },
      Object {
        "hasMine": false,
        "mineCount": 0,
        "state": 0,
      },
      Object {
        "hasMine": false,
        "mineCount": 0,
        "state": 0,
      },
      Object {
        "hasMine": false,
        "mineCount": 0,
        "state": 0,
      },
      Object {
        "hasMine": false,
        "mineCount": 0,
        "state": 0,
      },
      Object {
        "hasMine": false,
        "mineCount": 0,
        "state": 0,
      },
      Object {
        "hasMine": false,
        "mineCount": 0,
        "state": 0,
      },
    ],
    Array [
      Object {
        "hasMine": false,
        "mineCount": 0,
        "state": 0,
      },
      Object {
        "hasMine": false,
        "mineCount": 0,
        "state": 0,
      },
      Object {
        "hasMine": false,
        "mineCount": 0,
        "state": 0,
      },
      Object {
        "hasMine": false,
        "mineCount": 0,
        "state": 0,
      },
      Object {
        "hasMine": false,
        "mineCount": 0,
        "state": 0,
      },
      Object {
        "hasMine": false,
        "mineCount": 0,
        "state": 0,
      },
      Object {
        "hasMine": false,
        "mineCount": 0,
        "state": 0,
      },
      Object {
        "hasMine": false,
        "mineCount": 0,
        "state": 0,
      },
      Object {
        "hasMine": false,
        "mineCount": 0,
        "state": 0,
      },
    ],
    Array [
      Object {
        "hasMine": false,
        "mineCount": 0,
        "state": 0,
      },
      Object {
        "hasMine": false,
        "mineCount": 0,
        "state": 0,
      },
      Object {
        "hasMine": false,
        "mineCount": 0,
        "state": 0,
      },
      Object {
        "hasMine": false,
        "mineCount": 0,
        "state": 0,
      },
      Object {
        "hasMine": false,
        "mineCount": 0,
        "state": 0,
      },
      Object {
        "hasMine": false,
        "mineCount": 0,
        "state": 0,
      },
      Object {
        "hasMine": false,
        "mineCount": 0,
        "state": 0,
      },
      Object {
        "hasMine": false,
        "mineCount": 0,
        "state": 0,
      },
      Object {
        "hasMine": false,
        "mineCount": 0,
        "state": 0,
      },
    ],
    Array [
      Object {
        "hasMine": false,
        "mineCount": 0,
        "state": 0,
      },
      Object {
        "hasMine": false,
        "mineCount": 0,
        "state": 0,
      },
      Object {
        "hasMine": false,
        "mineCount": 0,
        "state": 0,
      },
      Object {
        "hasMine": false,
        "mineCount": 0,
        "state": 0,
      },
      Object {
        "hasMine": false,
        "mineCount": 0,
        "state": 0,
      },
      Object {
        "hasMine": false,
        "mineCount": 0,
        "state": 0,
      },
      Object {
        "hasMine": false,
        "mineCount": 0,
        "state": 0,
      },
      Object {
        "hasMine": false,
        "mineCount": 0,
        "state": 0,
      },
      Object {
        "hasMine": false,
        "mineCount": 0,
        "state": 0,
      },
    ],
  ],
  "config": Object {
    "mines": 10,
    "x": 9,
    "y": 9,
  },
  "seeded": false,
}
`;

exports[`CONFIGURE_BOARD should configure for CONFIG_EXPERT 1`] = `
Object {
  "board": Array [
    Array [
      Object {
        "hasMine": false,
        "mineCount": 0,
        "state": 0,
      },
      Object {
        "hasMine": false,
        "mineCount": 0,
        "state": 0,
      },
      Object {
        "hasMine": false,
        "mineCount": 0,
        "state": 0,
      },
      Object {
        "hasMine": false,
        "mineCount": 0,
        "state": 0,
      },
      Object {
        "hasMine": false,
        "mineCount": 0,
        "state": 0,
      },
      Object {
        "hasMine": false,
        "mineCount": 0,
        "state": 0,
      },
      Object {
        "hasMine": false,
        "mineCount": 0,
        "state": 0,
      },
      Object {
        "hasMine": false,
        "mineCount": 0,
        "state": 0,
      },
      Object {
        "hasMine": false,
        "mineCount": 0,
        "state": 0,
      },
      Object {
        "hasMine": false,
        "mineCount": 0,
        "state": 0,
      },
      Object {
        "hasMine": false,
        "mineCount": 0,
        "state": 0,
      },
      Object {
        "hasMine": false,
        "mineCount": 0,
        "state": 0,
      },
      Object {
        "hasMine": false,
        "mineCount": 0,
        "state": 0,
      },
      Object {
        "hasMine": false,
        "mineCount": 0,
        "state": 0,
      },
      Object {
        "hasMine": false,
        "mineCount": 0,
        "state": 0,
      },
      Object {
        "hasMine": false,
        "mineCount": 0,
        "state": 0,
      },
      Object {
        "hasMine": false,
        "mineCount": 0,
        "state": 0,
      },
      Object {
        "hasMine": false,
        "mineCount": 0,
        "state": 0,
      },
      Object {
        "hasMine": false,
        "mineCount": 0,
        "state": 0,
      },
      Object {
        "hasMine": false,
        "mineCount": 0,
        "state": 0,
      },
      Object {
        "hasMine": false,
        "mineCount": 0,
        "state": 0,
      },
      Object {
        "hasMine": false,
        "mineCount": 0,
        "state": 0,
      },
      Object {
        "hasMine": false,
        "mineCount": 0,
        "state": 0,
      },
      Object {
        "hasMine": false,
        "mineCount": 0,
        "state": 0,
      },
      Object {
        "hasMine": false,
        "mineCount": 0,
        "state": 0,
      },
      Object {
        "hasMine": false,
        "mineCount": 0,
        "state": 0,
      },
      Object {
        "hasMine": false,
        "mineCount": 0,
        "state": 0,
      },
      Object {
        "hasMine": false,
        "mineCount": 0,
        "state": 0,
      },
      Object {
        "hasMine": false,
        "mineCount": 0,
        "state": 0,
      },
      Object {
        "hasMine": false,
        "mineCount": 0,
        "state": 0,
      },
    ],
    Array [
      Object {
        "hasMine": false,
        "mineCount": 0,
        "state": 0,
      },
      Object {
        "hasMine": false,
        "mineCount": 0,
        "state": 0,
      },
      Object {
        "hasMine": false,
        "mineCount": 0,
        "state": 0,
      },
      Object {
        "hasMine": false,
        "mineCount": 0,
        "state": 0,
      },
      Object {
        "hasMine": false,
        "mineCount": 0,
        "state": 0,
      },
      Object {
        "hasMine": false,
        "mineCount": 0,
        "state": 0,
      },
      Object {
        "hasMine": false,
        "mineCount": 0,
        "state": 0,
      },
      Object {
        "hasMine": false,
        "mineCount": 0,
        "state": 0,
      },
      Object {
        "hasMine": false,
        "mineCount": 0,
        "state": 0,
      },
      Object {
        "hasMine": false,
        "mineCount": 0,
        "state": 0,
      },
      Object {
        "hasMine": false,
        "mineCount": 0,
        "state": 0,
      },
      Object {
        "hasMine": false,
        "mineCount": 0,
        "state": 0,
      },
      Object {
        "hasMine": false,
        "mineCount": 0,
        "state": 0,
      },
      Object {
        "hasMine": false,
        "mineCount": 0,
        "state": 0,
      },
      Object {
        "hasMine": false,
        "mineCount": 0,
        "state": 0,
      },
      Object {
        "hasMine": false,
        "mineCount": 0,
        "state": 0,
      },
      Object {
        "hasMine": false,
        "mineCount": 0,
        "state": 0,
      },
      Object {
        "hasMine": false,
        "mineCount": 0,
        "state": 0,
      },
      Object {
        "hasMine": false,
        "mineCount": 0,
        "state": 0,
      },
      Object {
        "hasMine": false,
        "mineCount": 0,
        "state": 0,
      },
      Object {
        "hasMine": false,
        "mineCount": 0,
        "state": 0,
      },
      Object {
        "hasMine": false,
        "mineCount": 0,
        "state": 0,
      },
      Object {
        "hasMine": false,
        "mineCount": 0,
        "state": 0,
      },
      Object {
        "hasMine": false,
        "mineCount": 0,
        "state": 0,
      },
      Object {
        "hasMine": false,
        "mineCount": 0,
        "state": 0,
      },
      Object {
        "hasMine": false,
        "mineCount": 0,
        "state": 0,
      },
      Object {
        "hasMine": false,
        "mineCount": 0,
        "state": 0,
      },
      Object {
        "hasMine": false,
        "mineCount": 0,
        "state": 0,
      },
      Object {
        "hasMine": false,
        "mineCount": 0,
        "state": 0,
      },
      Object {
        "hasMine": false,
        "mineCount": 0,
        "state": 0,
      },
    ],
    Array [
      Object {
        "hasMine": false,
        "mineCount": 0,
        "state": 0,
      },
      Object {
        "hasMine": false,
        "mineCount": 0,
        "state": 0,
      },
      Object {
        "hasMine": false,
        "mineCount": 0,
        "state": 0,
      },
      Object {
        "hasMine": false,
        "mineCount": 0,
        "state": 0,
      },
      Object {
        "hasMine": false,
        "mineCount": 0,
        "state": 0,
      },
      Object {
        "hasMine": false,
        "mineCount": 0,
        "state": 0,
      },
      Object {
        "hasMine": false,
        "mineCount": 0,
        "state": 0,
      },
      Object {
        "hasMine": false,
        "mineCount": 0,
        "state": 0,
      },
      Object {
        "hasMine": false,
        "mineCount": 0,
        "state": 0,
      },
      Object {
        "hasMine": false,
        "mineCount": 0,
        "state": 0,
      },
      Object {
        "hasMine": false,
        "mineCount": 0,
        "state": 0,
      },
      Object {
        "hasMine": false,
        "mineCount": 0,
        "state": 0,
      },
      Object {
        "hasMine": false,
        "mineCount": 0,
        "state": 0,
      },
      Object {
        "hasMine": false,
        "mineCount": 0,
        "state": 0,
      },
      Object {
        "hasMine": false,
        "mineCount": 0,
        "state": 0,
      },
      Object {
        "hasMine": false,
        "mineCount": 0,
        "state": 0,
      },
      Object {
        "hasMine": false,
        "mineCount": 0,
        "state": 0,
      },
      Object {
        "hasMine": false,
        "mineCount": 0,
        "state": 0,
      },
      Object {
        "hasMine": false,
        "mineCount": 0,
        "state": 0,
      },
      Object {
        "hasMine": false,
        "mineCount": 0,
        "state": 0,
      },
      Object {
        "hasMine": false,
        "mineCount": 0,
        "state": 0,
      },
      Object {
        "hasMine": false,
        "mineCount": 0,
        "state": 0,
      },
      Object {
        "hasMine": false,
        "mineCount": 0,
        "state": 0,
      },
      Object {
        "hasMine": false,
        "mineCount": 0,
        "state": 0,
      },
      Object {
        "hasMine": false,
        "mineCount": 0,
        "state": 0,
      },
      Object {
        "hasMine": false,
        "mineCount": 0,
        "state": 0,
      },
      Object {
        "hasMine": false,
        "mineCount": 0,
        "state": 0,
      },
      Object {
        "hasMine": false,
        "mineCount": 0,
        "state": 0,
      },
      Object {
        "hasMine": false,
        "mineCount": 0,
        "state": 0,
      },
      Object {
        "hasMine": false,
        "mineCount": 0,
        "state": 0,
      },
    ],
    Array [
      Object {
        "hasMine": false,
        "mineCount": 0,
        "state": 0,
      },
      Object {
        "hasMine": false,
        "mineCount": 0,
        "state": 0,
      },
      Object {
        "hasMine": false,
        "mineCount": 0,
        "state": 0,
      },
      Object {
        "hasMine": false,
        "mineCount": 0,
        "state": 0,
      },
      Object {
        "hasMine": false,
        "mineCount": 0,
        "state": 0,
      },
      Object {
        "hasMine": false,
        "mineCount": 0,
        "state": 0,
      },
      Object {
        "hasMine": false,
        "mineCount": 0,
        "state": 0,
      },
      Object {
        "hasMine": false,
        "mineCount": 0,
        "state": 0,
      },
      Object {
        "hasMine": false,
        "mineCount": 0,
        "state": 0,
      },
      Object {
        "hasMine": false,
        "mineCount": 0,
        "state": 0,
      },
      Object {
        "hasMine": false,
        "mineCount": 0,
        "state": 0,
      },
      Object {
        "hasMine": false,
        "mineCount": 0,
        "state": 0,
      },
      Object {
        "hasMine": false,
        "mineCount": 0,
        "state": 0,
      },
      Object {
        "hasMine": false,
        "mineCount": 0,
        "state": 0,
      },
      Object {
        "hasMine": false,
        "mineCount": 0,
        "state": 0,
      },
      Object {
        "hasMine": false,
        "mineCount": 0,
        "state": 0,
      },
      Object {
        "hasMine": false,
        "mineCount": 0,
        "state": 0,
      },
      Object {
        "hasMine": false,
        "mineCount": 0,
        "state": 0,
      },
      Object {
        "hasMine": false,
        "mineCount": 0,
        "state": 0,
      },
      Object {
        "hasMine": false,
        "mineCount": 0,
        "state": 0,
      },
      Object {
        "hasMine": false,
        "mineCount": 0,
        "state": 0,
      },
      Object {
        "hasMine": false,
        "mineCount": 0,
        "state": 0,
      },
      Object {
        "hasMine": false,
        "mineCount": 0,
        "state": 0,
      },
      Object {
        "hasMine": false,
        "mineCount": 0,
        "state": 0,
      },
      Object {
        "hasMine": false,
        "mineCount": 0,
        "state": 0,
      },
      Object {
        "hasMine": false,
        "mineCount": 0,
        "state": 0,
      },
      Object {
        "hasMine": false,
        "mineCount": 0,
        "state": 0,
      },
      Object {
        "hasMine": false,
        "mineCount": 0,
        "state": 0,
      },
      Object {
        "hasMine": false,
        "mineCount": 0,
        "state": 0,
      },
      Object {
        "hasMine": false,
        "mineCount": 0,
        "state": 0,
      },
    ],
    Array [
      Object {
        "hasMine": false,
        "mineCount": 0,
        "state": 0,
      },
      Object {
        "hasMine": false,
        "mineCount": 0,
        "state": 0,
      },
      Object {
        "hasMine": false,
        "mineCount": 0,
        "state": 0,
      },
      Object {
        "hasMine": false,
        "mineCount": 0,
        "state": 0,
      },
      Object {
        "hasMine": false,
        "mineCount": 0,
        "state": 0,
      },
      Object {
        "hasMine": false,
        "mineCount": 0,
        "state": 0,
      },
      Object {
        "hasMine": false,
        "mineCount": 0,
        "state": 0,
      },
      Object {
        "hasMine": false,
        "mineCount": 0,
        "state": 0,
      },
      Object {
        "hasMine": false,
        "mineCount": 0,
        "state": 0,
      },
      Object {
        "hasMine": false,
        "mineCount": 0,
        "state": 0,
      },
      Object {
        "hasMine": false,
        "mineCount": 0,
        "state": 0,
      },
      Object {
        "hasMine": false,
        "mineCount": 0,
        "state": 0,
      },
      Object {
        "hasMine": false,
        "mineCount": 0,
        "state": 0,
      },
      Object {
        "hasMine": false,
        "mineCount": 0,
        "state": 0,
      },
      Object {
        "hasMine": false,
        "mineCount": 0,
        "state": 0,
      },
      Object {
        "hasMine": false,
        "mineCount": 0,
        "state": 0,
      },
      Object {
        "hasMine": false,
        "mineCount": 0,
        "state": 0,
      },
      Object {
        "hasMine": false,
        "mineCount": 0,
        "state": 0,
      },
      Object {
        "hasMine": false,
        "mineCount": 0,
        "state": 0,
      },
      Object {
        "hasMine": false,
        "mineCount": 0,
        "state": 0,
      },
      Object {
        "hasMine": false,
        "mineCount": 0,
        "state": 0,
      },
      Object {
        "hasMine": false,
        "mineCount": 0,
        "state": 0,
      },
      Object {
        "hasMine": false,
        "mineCount": 0,
        "state": 0,
      },
      Object {
        "hasMine": false,
        "mineCount": 0,
        "state": 0,
      },
      Object {
        "hasMine": false,
        "mineCount": 0,
        "state": 0,
      },
      Object {
        "hasMine": false,
        "mineCount": 0,
        "state": 0,
      },
      Object {
        "hasMine": false,
        "mineCount": 0,
        "state": 0,
      },
      Object {
        "hasMine": false,
        "mineCount": 0,
        "state": 0,
      },
      Object {
        "hasMine": false,
        "mineCount": 0,
        "state": 0,
      },
      Object {
        "hasMine": false,
        "mineCount": 0,
        "state": 0,
      },
    ],
    Array [
      Object {
        "hasMine": false,
        "mineCount": 0,
        "state": 0,
      },
      Object {
        "hasMine": false,
        "mineCount": 0,
        "state": 0,
      },
      Object {
        "hasMine": false,
        "mineCount": 0,
        "state": 0,
      },
      Object {
        "hasMine": false,
        "mineCount": 0,
        "state": 0,
      },
      Object {
        "hasMine": false,
        "mineCount": 0,
        "state": 0,
      },
      Object {
        "hasMine": false,
        "mineCount": 0,
        "state": 0,
      },
      Object {
        "hasMine": false,
        "mineCount": 0,
        "state": 0,
      },
      Object {
        "hasMine": false,
        "mineCount": 0,
        "state": 0,
      },
      Object {
        "hasMine": false,
        "mineCount": 0,
        "state": 0,
      },
      Object {
        "hasMine": false,
        "mineCount": 0,
        "state": 0,
      },
      Object {
        "hasMine": false,
        "mineCount": 0,
        "state": 0,
      },
      Object {
        "hasMine": false,
        "mineCount": 0,
        "state": 0,
      },
      Object {
        "hasMine": false,
        "mineCount": 0,
        "state": 0,
      },
      Object {
        "hasMine": false,
        "mineCount": 0,
        "state": 0,
      },
      Object {
        "hasMine": false,
        "mineCount": 0,
        "state": 0,
      },
      Object {
        "hasMine": false,
        "mineCount": 0,
        "state": 0,
      },
      Object {
        "hasMine": false,
        "mineCount": 0,
        "state": 0,
      },
      Object {
        "hasMine": false,
        "mineCount": 0,
        "state": 0,
      },
      Object {
        "hasMine": false,
        "mineCount": 0,
        "state": 0,
      },
      Object {
        "hasMine": false,
        "mineCount": 0,
        "state": 0,
      },
      Object {
        "hasMine": false,
        "mineCount": 0,
        "state": 0,
      },
      Object {
        "hasMine": false,
        "mineCount": 0,
        "state": 0,
      },
      Object {
        "hasMine": false,
        "mineCount": 0,
        "state": 0,
      },
      Object {
        "hasMine": false,
        "mineCount": 0,
        "state": 0,
      },
      Object {
        "hasMine": false,
        "mineCount": 0,
        "state": 0,
      },
      Object {
        "hasMine": false,
        "mineCount": 0,
        "state": 0,
      },
      Object {
        "hasMine": false,
        "mineCount": 0,
        "state": 0,
      },
      Object {
        "hasMine": false,
        "mineCount": 0,
        "state": 0,
      },
      Object {
        "hasMine": false,
        "mineCount": 0,
        "state": 0,
      },
      Object {
        "hasMine": false,
        "mineCount": 0,
        "state": 0,
      },
    ],
    Array [
      Object {
        "hasMine": false,
        "mineCount": 0,
        "state": 0,
      },
      Object {
        "hasMine": false,
        "mineCount": 0,
        "state": 0,
      },
      Object {
        "hasMine": false,
        "mineCount": 0,
        "state": 0,
      },
      Object {
        "hasMine": false,
        "mineCount": 0,
        "state": 0,
      },
      Object {
        "hasMine": false,
        "mineCount": 0,
        "state": 0,
      },
      Object {
        "hasMine": false,
        "mineCount": 0,
        "state": 0,
      },
      Object {
        "hasMine": false,
        "mineCount": 0,
        "state": 0,
      },
      Object {
        "hasMine": false,
        "mineCount": 0,
        "state": 0,
      },
      Object {
        "hasMine": false,
        "mineCount": 0,
        "state": 0,
      },
      Object {
        "hasMine": false,
        "mineCount": 0,
        "state": 0,
      },
      Object {
        "hasMine": false,
        "mineCount": 0,
        "state": 0,
      },
      Object {
        "hasMine": false,
        "mineCount": 0,
        "state": 0,
      },
      Object {
        "hasMine": false,
        "mineCount": 0,
        "state": 0,
      },
      Object {
        "hasMine": false,
        "mineCount": 0,
        "state": 0,
      },
      Object {
        "hasMine": false,
        "mineCount": 0,
        "state": 0,
      },
      Object {
        "hasMine": false,
        "mineCount": 0,
        "state": 0,
      },
      Object {
        "hasMine": false,
        "mineCount": 0,
        "state": 0,
      },
      Object {
        "hasMine": false,
        "mineCount": 0,
        "state": 0,
      },
      Object {
        "hasMine": false,
        "mineCount": 0,
        "state": 0,
      },
      Object {
        "hasMine": false,
        "mineCount": 0,
        "state": 0,
      },
      Object {
        "hasMine": false,
        "mineCount": 0,
        "state": 0,
      },
      Object {
        "hasMine": false,
        "mineCount": 0,
        "state": 0,
      },
      Object {
        "hasMine": false,
        "mineCount": 0,
        "state": 0,
      },
      Object {
        "hasMine": false,
        "mineCount": 0,
        "state": 0,
      },
      Object {
        "hasMine": false,
        "mineCount": 0,
        "state": 0,
      },
      Object {
        "hasMine": false,
        "mineCount": 0,
        "state": 0,
      },
      Object {
        "hasMine": false,
        "mineCount": 0,
        "state": 0,
      },
      Object {
        "hasMine": false,
        "mineCount": 0,
        "state": 0,
      },
      Object {
        "hasMine": false,
        "mineCount": 0,
        "state": 0,
      },
      Object {
        "hasMine": false,
        "mineCount": 0,
        "state": 0,
      },
    ],
    Array [
      Object {
        "hasMine": false,
        "mineCount": 0,
        "state": 0,
      },
      Object {
        "hasMine": false,
        "mineCount": 0,
        "state": 0,
      },
      Object {
        "hasMine": false,
        "mineCount": 0,
        "state": 0,
      },
      Object {
        "hasMine": false,
        "mineCount": 0,
        "state": 0,
      },
      Object {
        "hasMine": false,
        "mineCount": 0,
        "state": 0,
      },
      Object {
        "hasMine": false,
        "mineCount": 0,
        "state": 0,
      },
      Object {
        "hasMine": false,
        "mineCount": 0,
        "state": 0,
      },
      Object {
        "hasMine": false,
        "mineCount": 0,
        "state": 0,
      },
      Object {
        "hasMine": false,
        "mineCount": 0,
        "state": 0,
      },
      Object {
        "hasMine": false,
        "mineCount": 0,
        "state": 0,
      },
      Object {
        "hasMine": false,
        "mineCount": 0,
        "state": 0,
      },
      Object {
        "hasMine": false,
        "mineCount": 0,
        "state": 0,
      },
      Object {
        "hasMine": false,
        "mineCount": 0,
        "state": 0,
      },
      Object {
        "hasMine": false,
        "mineCount": 0,
        "state": 0,
      },
      Object {
        "hasMine": false,
        "mineCount": 0,
        "state": 0,
      },
      Object {
        "hasMine": false,
        "mineCount": 0,
        "state": 0,
      },
      Object {
        "hasMine": false,
        "mineCount": 0,
        "state": 0,
      },
      Object {
        "hasMine": false,
        "mineCount": 0,
        "state": 0,
      },
      Object {
        "hasMine": false,
        "mineCount": 0,
        "state": 0,
      },
      Object {
        "hasMine": false,
        "mineCount": 0,
        "state": 0,
      },
      Object {
        "hasMine": false,
        "mineCount": 0,
        "state": 0,
      },
      Object {
        "hasMine": false,
        "mineCount": 0,
        "state": 0,
      },
      Object {
        "hasMine": false,
        "mineCount": 0,
        "state": 0,
      },
      Object {
        "hasMine": false,
        "mineCount": 0,
        "state": 0,
      },
      Object {
        "hasMine": false,
        "mineCount": 0,
        "state": 0,
      },
      Object {
        "hasMine": false,
        "mineCount": 0,
        "state": 0,
      },
      Object {
        "hasMine": false,
        "mineCount": 0,
        "state": 0,
      },
      Object {
        "hasMine": false,
        "mineCount": 0,
        "state": 0,
      },
      Object {
        "hasMine": false,
        "mineCount": 0,
        "state": 0,
      },
      Object {
        "hasMine": false,
        "mineCount": 0,
        "state": 0,
      },
    ],
    Array [
      Object {
        "hasMine": false,
        "mineCount": 0,
        "state": 0,
      },
      Object {
        "hasMine": false,
        "mineCount": 0,
        "state": 0,
      },
      Object {
        "hasMine": false,
        "mineCount": 0,
        "state": 0,
      },
      Object {
        "hasMine": false,
        "mineCount": 0,
        "state": 0,
      },
      Object {
        "hasMine": false,
        "mineCount": 0,
        "state": 0,
      },
      Object {
        "hasMine": false,
        "mineCount": 0,
        "state": 0,
      },
      Object {
        "hasMine": false,
        "mineCount": 0,
        "state": 0,
      },
      Object {
        "hasMine": false,
        "mineCount": 0,
        "state": 0,
      },
      Object {
        "hasMine": false,
        "mineCount": 0,
        "state": 0,
      },
      Object {
        "hasMine": false,
        "mineCount": 0,
        "state": 0,
      },
      Object {
        "hasMine": false,
        "mineCount": 0,
        "state": 0,
      },
      Object {
        "hasMine": false,
        "mineCount": 0,
        "state": 0,
      },
      Object {
        "hasMine": false,
        "mineCount": 0,
        "state": 0,
      },
      Object {
        "hasMine": false,
        "mineCount": 0,
        "state": 0,
      },
      Object {
        "hasMine": false,
        "mineCount": 0,
        "state": 0,
      },
      Object {
        "hasMine": false,
        "mineCount": 0,
        "state": 0,
      },
      Object {
        "hasMine": false,
        "mineCount": 0,
        "state": 0,
      },
      Object {
        "hasMine": false,
        "mineCount": 0,
        "state": 0,
      },
      Object {
        "hasMine": false,
        "mineCount": 0,
        "state": 0,
      },
      Object {
        "hasMine": false,
        "mineCount": 0,
        "state": 0,
      },
      Object {
        "hasMine": false,
        "mineCount": 0,
        "state": 0,
      },
      Object {
        "hasMine": false,
        "mineCount": 0,
        "state": 0,
      },
      Object {
        "hasMine": false,
        "mineCount": 0,
        "state": 0,
      },
      Object {
        "hasMine": false,
        "mineCount": 0,
        "state": 0,
      },
      Object {
        "hasMine": false,
        "mineCount": 0,
        "state": 0,
      },
      Object {
        "hasMine": false,
        "mineCount": 0,
        "state": 0,
      },
      Object {
        "hasMine": false,
        "mineCount": 0,
        "state": 0,
      },
      Object {
        "hasMine": false,
        "mineCount": 0,
        "state": 0,
      },
      Object {
        "hasMine": false,
        "mineCount": 0,
        "state": 0,
      },
      Object {
        "hasMine": false,
        "mineCount": 0,
        "state": 0,
      },
    ],
    Array [
      Object {
        "hasMine": false,
        "mineCount": 0,
        "state": 0,
      },
      Object {
        "hasMine": false,
        "mineCount": 0,
        "state": 0,
      },
      Object {
        "hasMine": false,
        "mineCount": 0,
        "state": 0,
      },
      Object {
        "hasMine": false,
        "mineCount": 0,
        "state": 0,
      },
      Object {
        "hasMine": false,
        "mineCount": 0,
        "state": 0,
      },
      Object {
        "hasMine": false,
        "mineCount": 0,
        "state": 0,
      },
      Object {
        "hasMine": false,
        "mineCount": 0,
        "state": 0,
      },
      Object {
        "hasMine": false,
        "mineCount": 0,
        "state": 0,
      },
      Object {
        "hasMine": false,
        "mineCount": 0,
        "state": 0,
      },
      Object {
        "hasMine": false,
        "mineCount": 0,
        "state": 0,
      },
      Object {
        "hasMine": false,
        "mineCount": 0,
        "state": 0,
      },
      Object {
        "hasMine": false,
        "mineCount": 0,
        "state": 0,
      },
      Object {
        "hasMine": false,
        "mineCount": 0,
        "state": 0,
      },
      Object {
        "hasMine": false,
        "mineCount": 0,
        "state": 0,
      },
      Object {
        "hasMine": false,
        "mineCount": 0,
        "state": 0,
      },
      Object {
        "hasMine": false,
        "mineCount": 0,
        "state": 0,
      },
      Object {
        "hasMine": false,
        "mineCount": 0,
        "state": 0,
      },
      Object {
        "hasMine": false,
        "mineCount": 0,
        "state": 0,
      },
      Object {
        "hasMine": false,
        "mineCount": 0,
        "state": 0,
      },
      Object {
        "hasMine": false,
        "mineCount": 0,
        "state": 0,
      },
      Object {
        "hasMine": false,
        "mineCount": 0,
        "state": 0,
      },
      Object {
        "hasMine": false,
        "mineCount": 0,
        "state": 0,
      },
      Object {
        "hasMine": false,
        "mineCount": 0,
        "state": 0,
      },
      Object {
        "hasMine": false,
        "mineCount": 0,
        "state": 0,
      },
      Object {
        "hasMine": false,
        "mineCount": 0,
        "state": 0,
      },
      Object {
        "hasMine": false,
        "mineCount": 0,
        "state": 0,
      },
      Object {
        "hasMine": false,
        "mineCount": 0,
        "state": 0,
      },
      Object {
        "hasMine": false,
        "mineCount": 0,
        "state": 0,
      },
      Object {
        "hasMine": false,
        "mineCount": 0,
        "state": 0,
      },
      Object {
        "hasMine": false,
        "mineCount": 0,
        "state": 0,
      },
    ],
    Array [
      Object {
        "hasMine": false,
        "mineCount": 0,
        "state": 0,
      },
      Object {
        "hasMine": false,
        "mineCount": 0,
        "state": 0,
      },
      Object {
        "hasMine": false,
        "mineCount": 0,
        "state": 0,
      },
      Object {
        "hasMine": false,
        "mineCount": 0,
        "state": 0,
      },
      Object {
        "hasMine": false,
        "mineCount": 0,
        "state": 0,
      },
      Object {
        "hasMine": false,
        "mineCount": 0,
        "state": 0,
      },
      Object {
        "hasMine": false,
        "mineCount": 0,
        "state": 0,
      },
      Object {
        "hasMine": false,
        "mineCount": 0,
        "state": 0,
      },
      Object {
        "hasMine": false,
        "mineCount": 0,
        "state": 0,
      },
      Object {
        "hasMine": false,
        "mineCount": 0,
        "state": 0,
      },
      Object {
        "hasMine": false,
        "mineCount": 0,
        "state": 0,
      },
      Object {
        "hasMine": false,
        "mineCount": 0,
        "state": 0,
      },
      Object {
        "hasMine": false,
        "mineCount": 0,
        "state": 0,
      },
      Object {
        "hasMine": false,
        "mineCount": 0,
        "state": 0,
      },
      Object {
        "hasMine": false,
        "mineCount": 0,
        "state": 0,
      },
      Object {
        "hasMine": false,
        "mineCount": 0,
        "state": 0,
      },
      Object {
        "hasMine": false,
        "mineCount": 0,
        "state": 0,
      },
      Object {
        "hasMine": false,
        "mineCount": 0,
        "state": 0,
      },
      Object {
        "hasMine": false,
        "mineCount": 0,
        "state": 0,
      },
      Object {
        "hasMine": false,
        "mineCount": 0,
        "state": 0,
      },
      Object {
        "hasMine": false,
        "mineCount": 0,
        "state": 0,
      },
      Object {
        "hasMine": false,
        "mineCount": 0,
        "state": 0,
      },
      Object {
        "hasMine": false,
        "mineCount": 0,
        "state": 0,
      },
      Object {
        "hasMine": false,
        "mineCount": 0,
        "state": 0,
      },
      Object {
        "hasMine": false,
        "mineCount": 0,
        "state": 0,
      },
      Object {
        "hasMine": false,
        "mineCount": 0,
        "state": 0,
      },
      Object {
        "hasMine": false,
        "mineCount": 0,
        "state": 0,
      },
      Object {
        "hasMine": false,
        "mineCount": 0,
        "state": 0,
      },
      Object {
        "hasMine": false,
        "mineCount": 0,
        "state": 0,
      },
      Object {
        "hasMine": false,
        "mineCount": 0,
        "state": 0,
      },
    ],
    Array [
      Object {
        "hasMine": false,
        "mineCount": 0,
        "state": 0,
      },
      Object {
        "hasMine": false,
        "mineCount": 0,
        "state": 0,
      },
      Object {
        "hasMine": false,
        "mineCount": 0,
        "state": 0,
      },
      Object {
        "hasMine": false,
        "mineCount": 0,
        "state": 0,
      },
      Object {
        "hasMine": false,
        "mineCount": 0,
        "state": 0,
      },
      Object {
        "hasMine": false,
        "mineCount": 0,
        "state": 0,
      },
      Object {
        "hasMine": false,
        "mineCount": 0,
        "state": 0,
      },
      Object {
        "hasMine": false,
        "mineCount": 0,
        "state": 0,
      },
      Object {
        "hasMine": false,
        "mineCount": 0,
        "state": 0,
      },
      Object {
        "hasMine": false,
        "mineCount": 0,
        "state": 0,
      },
      Object {
        "hasMine": false,
        "mineCount": 0,
        "state": 0,
      },
      Object {
        "hasMine": false,
        "mineCount": 0,
        "state": 0,
      },
      Object {
        "hasMine": false,
        "mineCount": 0,
        "state": 0,
      },
      Object {
        "hasMine": false,
        "mineCount": 0,
        "state": 0,
      },
      Object {
        "hasMine": false,
        "mineCount": 0,
        "state": 0,
      },
      Object {
        "hasMine": false,
        "mineCount": 0,
        "state": 0,
      },
      Object {
        "hasMine": false,
        "mineCount": 0,
        "state": 0,
      },
      Object {
        "hasMine": false,
        "mineCount": 0,
        "state": 0,
      },
      Object {
        "hasMine": false,
        "mineCount": 0,
        "state": 0,
      },
      Object {
        "hasMine": false,
        "mineCount": 0,
        "state": 0,
      },
      Object {
        "hasMine": false,
        "mineCount": 0,
        "state": 0,
      },
      Object {
        "hasMine": false,
        "mineCount": 0,
        "state": 0,
      },
      Object {
        "hasMine": false,
        "mineCount": 0,
        "state": 0,
      },
      Object {
        "hasMine": false,
        "mineCount": 0,
        "state": 0,
      },
      Object {
        "hasMine": false,
        "mineCount": 0,
        "state": 0,
      },
      Object {
        "hasMine": false,
        "mineCount": 0,
        "state": 0,
      },
      Object {
        "hasMine": false,
        "mineCount": 0,
        "state": 0,
      },
      Object {
        "hasMine": false,
        "mineCount": 0,
        "state": 0,
      },
      Object {
        "hasMine": false,
        "mineCount": 0,
        "state": 0,
      },
      Object {
        "hasMine": false,
        "mineCount": 0,
        "state": 0,
      },
    ],
    Array [
      Object {
        "hasMine": false,
        "mineCount": 0,
        "state": 0,
      },
      Object {
        "hasMine": false,
        "mineCount": 0,
        "state": 0,
      },
      Object {
        "hasMine": false,
        "mineCount": 0,
        "state": 0,
      },
      Object {
        "hasMine": false,
        "mineCount": 0,
        "state": 0,
      },
      Object {
        "hasMine": false,
        "mineCount": 0,
        "state": 0,
      },
      Object {
        "hasMine": false,
        "mineCount": 0,
        "state": 0,
      },
      Object {
        "hasMine": false,
        "mineCount": 0,
        "state": 0,
      },
      Object {
        "hasMine": false,
        "mineCount": 0,
        "state": 0,
      },
      Object {
        "hasMine": false,
        "mineCount": 0,
        "state": 0,
      },
      Object {
        "hasMine": false,
        "mineCount": 0,
        "state": 0,
      },
      Object {
        "hasMine": false,
        "mineCount": 0,
        "state": 0,
      },
      Object {
        "hasMine": false,
        "mineCount": 0,
        "state": 0,
      },
      Object {
        "hasMine": false,
        "mineCount": 0,
        "state": 0,
      },
      Object {
        "hasMine": false,
        "mineCount": 0,
        "state": 0,
      },
      Object {
        "hasMine": false,
        "mineCount": 0,
        "state": 0,
      },
      Object {
        "hasMine": false,
        "mineCount": 0,
        "state": 0,
      },
      Object {
        "hasMine": false,
        "mineCount": 0,
        "state": 0,
      },
      Object {
        "hasMine": false,
        "mineCount": 0,
        "state": 0,
      },
      Object {
        "hasMine": false,
        "mineCount": 0,
        "state": 0,
      },
      Object {
        "hasMine": false,
        "mineCount": 0,
        "state": 0,
      },
      Object {
        "hasMine": false,
        "mineCount": 0,
        "state": 0,
      },
      Object {
        "hasMine": false,
        "mineCount": 0,
        "state": 0,
      },
      Object {
        "hasMine": false,
        "mineCount": 0,
        "state": 0,
      },
      Object {
        "hasMine": false,
        "mineCount": 0,
        "state": 0,
      },
      Object {
        "hasMine": false,
        "mineCount": 0,
        "state": 0,
      },
      Object {
        "hasMine": false,
        "mineCount": 0,
        "state": 0,
      },
      Object {
        "hasMine": false,
        "mineCount": 0,
        "state": 0,
      },
      Object {
        "hasMine": false,
        "mineCount": 0,
        "state": 0,
      },
      Object {
        "hasMine": false,
        "mineCount": 0,
        "state": 0,
      },
      Object {
        "hasMine": false,
        "mineCount": 0,
        "state": 0,
      },
    ],
    Array [
      Object {
        "hasMine": false,
        "mineCount": 0,
        "state": 0,
      },
      Object {
        "hasMine": false,
        "mineCount": 0,
        "state": 0,
      },
      Object {
        "hasMine": false,
        "mineCount": 0,
        "state": 0,
      },
      Object {
        "hasMine": false,
        "mineCount": 0,
        "state": 0,
      },
      Object {
        "hasMine": false,
        "mineCount": 0,
        "state": 0,
      },
      Object {
        "hasMine": false,
        "mineCount": 0,
        "state": 0,
      },
      Object {
        "hasMine": false,
        "mineCount": 0,
        "state": 0,
      },
      Object {
        "hasMine": false,
        "mineCount": 0,
        "state": 0,
      },
      Object {
        "hasMine": false,
        "mineCount": 0,
        "state": 0,
      },
      Object {
        "hasMine": false,
        "mineCount": 0,
        "state": 0,
      },
      Object {
        "hasMine": false,
        "mineCount": 0,
        "state": 0,
      },
      Object {
        "hasMine": false,
        "mineCount": 0,
        "state": 0,
      },
      Object {
        "hasMine": false,
        "mineCount": 0,
        "state": 0,
      },
      Object {
        "hasMine": false,
        "mineCount": 0,
        "state": 0,
      },
      Object {
        "hasMine": false,
        "mineCount": 0,
        "state": 0,
      },
      Object {
        "hasMine": false,
        "mineCount": 0,
        "state": 0,
      },
      Object {
        "hasMine": false,
        "mineCount": 0,
        "state": 0,
      },
      Object {
        "hasMine": false,
        "mineCount": 0,
        "state": 0,
      },
      Object {
        "hasMine": false,
        "mineCount": 0,
        "state": 0,
      },
      Object {
        "hasMine": false,
        "mineCount": 0,
        "state": 0,
      },
      Object {
        "hasMine": false,
        "mineCount": 0,
        "state": 0,
      },
      Object {
        "hasMine": false,
        "mineCount": 0,
        "state": 0,
      },
      Object {
        "hasMine": false,
        "mineCount": 0,
        "state": 0,
      },
      Object {
        "hasMine": false,
        "mineCount": 0,
        "state": 0,
      },
      Object {
        "hasMine": false,
        "mineCount": 0,
        "state": 0,
      },
      Object {
        "hasMine": false,
        "mineCount": 0,
        "state": 0,
      },
      Object {
        "hasMine": false,
        "mineCount": 0,
        "state": 0,
      },
      Object {
        "hasMine": false,
        "mineCount": 0,
        "state": 0,
      },
      Object {
        "hasMine": false,
        "mineCount": 0,
        "state": 0,
      },
      Object {
        "hasMine": false,
        "mineCount": 0,
        "state": 0,
      },
    ],
    Array [
      Object {
        "hasMine": false,
        "mineCount": 0,
        "state": 0,
      },
      Object {
        "hasMine": false,
        "mineCount": 0,
        "state": 0,
      },
      Object {
        "hasMine": false,
        "mineCount": 0,
        "state": 0,
      },
      Object {
        "hasMine": false,
        "mineCount": 0,
        "state": 0,
      },
      Object {
        "hasMine": false,
        "mineCount": 0,
        "state": 0,
      },
      Object {
        "hasMine": false,
        "mineCount": 0,
        "state": 0,
      },
      Object {
        "hasMine": false,
        "mineCount": 0,
        "state": 0,
      },
      Object {
        "hasMine": false,
        "mineCount": 0,
        "state": 0,
      },
      Object {
        "hasMine": false,
        "mineCount": 0,
        "state": 0,
      },
      Object {
        "hasMine": false,
        "mineCount": 0,
        "state": 0,
      },
      Object {
        "hasMine": false,
        "mineCount": 0,
        "state": 0,
      },
      Object {
        "hasMine": false,
        "mineCount": 0,
        "state": 0,
      },
      Object {
        "hasMine": false,
        "mineCount": 0,
        "state": 0,
      },
      Object {
        "hasMine": false,
        "mineCount": 0,
        "state": 0,
      },
      Object {
        "hasMine": false,
        "mineCount": 0,
        "state": 0,
      },
      Object {
        "hasMine": false,
        "mineCount": 0,
        "state": 0,
      },
      Object {
        "hasMine": false,
        "mineCount": 0,
        "state": 0,
      },
      Object {
        "hasMine": false,
        "mineCount": 0,
        "state": 0,
      },
      Object {
        "hasMine": false,
        "mineCount": 0,
        "state": 0,
      },
      Object {
        "hasMine": false,
        "mineCount": 0,
        "state": 0,
      },
      Object {
        "hasMine": false,
        "mineCount": 0,
        "state": 0,
      },
      Object {
        "hasMine": false,
        "mineCount": 0,
        "state": 0,
      },
      Object {
        "hasMine": false,
        "mineCount": 0,
        "state": 0,
      },
      Object {
        "hasMine": false,
        "mineCount": 0,
        "state": 0,
      },
      Object {
        "hasMine": false,
        "mineCount": 0,
        "state": 0,
      },
      Object {
        "hasMine": false,
        "mineCount": 0,
        "state": 0,
      },
      Object {
        "hasMine": false,
        "mineCount": 0,
        "state": 0,
      },
      Object {
        "hasMine": false,
        "mineCount": 0,
        "state": 0,
      },
      Object {
        "hasMine": false,
        "mineCount": 0,
        "state": 0,
      },
      Object {
        "hasMine": false,
        "mineCount": 0,
        "state": 0,
      },
    ],
    Array [
      Object {
        "hasMine": false,
        "mineCount": 0,
        "state": 0,
      },
      Object {
        "hasMine": false,
        "mineCount": 0,
        "state": 0,
      },
      Object {
        "hasMine": false,
        "mineCount": 0,
        "state": 0,
      },
      Object {
        "hasMine": false,
        "mineCount": 0,
        "state": 0,
      },
      Object {
        "hasMine": false,
        "mineCount": 0,
        "state": 0,
      },
      Object {
        "hasMine": false,
        "mineCount": 0,
        "state": 0,
      },
      Object {
        "hasMine": false,
        "mineCount": 0,
        "state": 0,
      },
      Object {
        "hasMine": false,
        "mineCount": 0,
        "state": 0,
      },
      Object {
        "hasMine": false,
        "mineCount": 0,
        "state": 0,
      },
      Object {
        "hasMine": false,
        "mineCount": 0,
        "state": 0,
      },
      Object {
        "hasMine": false,
        "mineCount": 0,
        "state": 0,
      },
      Object {
        "hasMine": false,
        "mineCount": 0,
        "state": 0,
      },
      Object {
        "hasMine": false,
        "mineCount": 0,
        "state": 0,
      },
      Object {
        "hasMine": false,
        "mineCount": 0,
        "state": 0,
      },
      Object {
        "hasMine": false,
        "mineCount": 0,
        "state": 0,
      },
      Object {
        "hasMine": false,
        "mineCount": 0,
        "state": 0,
      },
      Object {
        "hasMine": false,
        "mineCount": 0,
        "state": 0,
      },
      Object {
        "hasMine": false,
        "mineCount": 0,
        "state": 0,
      },
      Object {
        "hasMine": false,
        "mineCount": 0,
        "state": 0,
      },
      Object {
        "hasMine": false,
        "mineCount": 0,
        "state": 0,
      },
      Object {
        "hasMine": false,
        "mineCount": 0,
        "state": 0,
      },
      Object {
        "hasMine": false,
        "mineCount": 0,
        "state": 0,
      },
      Object {
        "hasMine": false,
        "mineCount": 0,
        "state": 0,
      },
      Object {
        "hasMine": false,
        "mineCount": 0,
        "state": 0,
      },
      Object {
        "hasMine": false,
        "mineCount": 0,
        "state": 0,
      },
      Object {
        "hasMine": false,
        "mineCount": 0,
        "state": 0,
      },
      Object {
        "hasMine": false,
        "mineCount": 0,
        "state": 0,
      },
      Object {
        "hasMine": false,
        "mineCount": 0,
        "state": 0,
      },
      Object {
        "hasMine": false,
        "mineCount": 0,
        "state": 0,
      },
      Object {
        "hasMine": false,
        "mineCount": 0,
        "state": 0,
      },
    ],
  ],
  "config": Object {
    "mines": 99,
    "x": 30,
    "y": 16,
  },
  "seeded": false,
}
`;

exports[`CONFIGURE_BOARD should configure for CONFIG_INTERMEDIATE 1`] = `
Object {
  "board": Array [
    Array [
      Object {
        "hasMine": false,
        "mineCount": 0,
        "state": 0,
      },
      Object {
        "hasMine": false,
        "mineCount": 0,
        "state": 0,
      },
      Object {
        "hasMine": false,
        "mineCount": 0,
        "state": 0,
      },
      Object {
        "hasMine": false,
        "mineCount": 0,
        "state": 0,
      },
      Object {
        "hasMine": false,
        "mineCount": 0,
        "state": 0,
      },
      Object {
        "hasMine": false,
        "mineCount": 0,
        "state": 0,
      },
      Object {
        "hasMine": false,
        "mineCount": 0,
        "state": 0,
      },
      Object {
        "hasMine": false,
        "mineCount": 0,
        "state": 0,
      },
      Object {
        "hasMine": false,
        "mineCount": 0,
        "state": 0,
      },
      Object {
        "hasMine": false,
        "mineCount": 0,
        "state": 0,
      },
      Object {
        "hasMine": false,
        "mineCount": 0,
        "state": 0,
      },
      Object {
        "hasMine": false,
        "mineCount": 0,
        "state": 0,
      },
      Object {
        "hasMine": false,
        "mineCount": 0,
        "state": 0,
      },
      Object {
        "hasMine": false,
        "mineCount": 0,
        "state": 0,
      },
      Object {
        "hasMine": false,
        "mineCount": 0,
        "state": 0,
      },
      Object {
        "hasMine": false,
        "mineCount": 0,
        "state": 0,
      },
    ],
    Array [
      Object {
        "hasMine": false,
        "mineCount": 0,
        "state": 0,
      },
      Object {
        "hasMine": false,
        "mineCount": 0,
        "state": 0,
      },
      Object {
        "hasMine": false,
        "mineCount": 0,
        "state": 0,
      },
      Object {
        "hasMine": false,
        "mineCount": 0,
        "state": 0,
      },
      Object {
        "hasMine": false,
        "mineCount": 0,
        "state": 0,
      },
      Object {
        "hasMine": false,
        "mineCount": 0,
        "state": 0,
      },
      Object {
        "hasMine": false,
        "mineCount": 0,
        "state": 0,
      },
      Object {
        "hasMine": false,
        "mineCount": 0,
        "state": 0,
      },
      Object {
        "hasMine": false,
        "mineCount": 0,
        "state": 0,
      },
      Object {
        "hasMine": false,
        "mineCount": 0,
        "state": 0,
      },
      Object {
        "hasMine": false,
        "mineCount": 0,
        "state": 0,
      },
      Object {
        "hasMine": false,
        "mineCount": 0,
        "state": 0,
      },
      Object {
        "hasMine": false,
        "mineCount": 0,
        "state": 0,
      },
      Object {
        "hasMine": false,
        "mineCount": 0,
        "state": 0,
      },
      Object {
        "hasMine": false,
        "mineCount": 0,
        "state": 0,
      },
      Object {
        "hasMine": false,
        "mineCount": 0,
        "state": 0,
      },
    ],
    Array [
      Object {
        "hasMine": false,
        "mineCount": 0,
        "state": 0,
      },
      Object {
        "hasMine": false,
        "mineCount": 0,
        "state": 0,
      },
      Object {
        "hasMine": false,
        "mineCount": 0,
        "state": 0,
      },
      Object {
        "hasMine": false,
        "mineCount": 0,
        "state": 0,
      },
      Object {
        "hasMine": false,
        "mineCount": 0,
        "state": 0,
      },
      Object {
        "hasMine": false,
        "mineCount": 0,
        "state": 0,
      },
      Object {
        "hasMine": false,
        "mineCount": 0,
        "state": 0,
      },
      Object {
        "hasMine": false,
        "mineCount": 0,
        "state": 0,
      },
      Object {
        "hasMine": false,
        "mineCount": 0,
        "state": 0,
      },
      Object {
        "hasMine": false,
        "mineCount": 0,
        "state": 0,
      },
      Object {
        "hasMine": false,
        "mineCount": 0,
        "state": 0,
      },
      Object {
        "hasMine": false,
        "mineCount": 0,
        "state": 0,
      },
      Object {
        "hasMine": false,
        "mineCount": 0,
        "state": 0,
      },
      Object {
        "hasMine": false,
        "mineCount": 0,
        "state": 0,
      },
      Object {
        "hasMine": false,
        "mineCount": 0,
        "state": 0,
      },
      Object {
        "hasMine": false,
        "mineCount": 0,
        "state": 0,
      },
    ],
    Array [
      Object {
        "hasMine": false,
        "mineCount": 0,
        "state": 0,
      },
      Object {
        "hasMine": false,
        "mineCount": 0,
        "state": 0,
      },
      Object {
        "hasMine": false,
        "mineCount": 0,
        "state": 0,
      },
      Object {
        "hasMine": false,
        "mineCount": 0,
        "state": 0,
      },
      Object {
        "hasMine": false,
        "mineCount": 0,
        "state": 0,
      },
      Object {
        "hasMine": false,
        "mineCount": 0,
        "state": 0,
      },
      Object {
        "hasMine": false,
        "mineCount": 0,
        "state": 0,
      },
      Object {
        "hasMine": false,
        "mineCount": 0,
        "state": 0,
      },
      Object {
        "hasMine": false,
        "mineCount": 0,
        "state": 0,
      },
      Object {
        "hasMine": false,
        "mineCount": 0,
        "state": 0,
      },
      Object {
        "hasMine": false,
        "mineCount": 0,
        "state": 0,
      },
      Object {
        "hasMine": false,
        "mineCount": 0,
        "state": 0,
      },
      Object {
        "hasMine": false,
        "mineCount": 0,
        "state": 0,
      },
      Object {
        "hasMine": false,
        "mineCount": 0,
        "state": 0,
      },
      Object {
        "hasMine": false,
        "mineCount": 0,
        "state": 0,
      },
      Object {
        "hasMine": false,
        "mineCount": 0,
        "state": 0,
      },
    ],
    Array [
      Object {
        "hasMine": false,
        "mineCount": 0,
        "state": 0,
      },
      Object {
        "hasMine": false,
        "mineCount": 0,
        "state": 0,
      },
      Object {
        "hasMine": false,
        "mineCount": 0,
        "state": 0,
      },
      Object {
        "hasMine": false,
        "mineCount": 0,
        "state": 0,
      },
      Object {
        "hasMine": false,
        "mineCount": 0,
        "state": 0,
      },
      Object {
        "hasMine": false,
        "mineCount": 0,
        "state": 0,
      },
      Object {
        "hasMine": false,
        "mineCount": 0,
        "state": 0,
      },
      Object {
        "hasMine": false,
        "mineCount": 0,
        "state": 0,
      },
      Object {
        "hasMine": false,
        "mineCount": 0,
        "state": 0,
      },
      Object {
        "hasMine": false,
        "mineCount": 0,
        "state": 0,
      },
      Object {
        "hasMine": false,
        "mineCount": 0,
        "state": 0,
      },
      Object {
        "hasMine": false,
        "mineCount": 0,
        "state": 0,
      },
      Object {
        "hasMine": false,
        "mineCount": 0,
        "state": 0,
      },
      Object {
        "hasMine": false,
        "mineCount": 0,
        "state": 0,
      },
      Object {
        "hasMine": false,
        "mineCount": 0,
        "state": 0,
      },
      Object {
        "hasMine": false,
        "mineCount": 0,
        "state": 0,
      },
    ],
    Array [
      Object {
        "hasMine": false,
        "mineCount": 0,
        "state": 0,
      },
      Object {
        "hasMine": false,
        "mineCount": 0,
        "state": 0,
      },
      Object {
        "hasMine": false,
        "mineCount": 0,
        "state": 0,
      },
      Object {
        "hasMine": false,
        "mineCount": 0,
        "state": 0,
      },
      Object {
        "hasMine": false,
        "mineCount": 0,
        "state": 0,
      },
      Object {
        "hasMine": false,
        "mineCount": 0,
        "state": 0,
      },
      Object {
        "hasMine": false,
        "mineCount": 0,
        "state": 0,
      },
      Object {
        "hasMine": false,
        "mineCount": 0,
        "state": 0,
      },
      Object {
        "hasMine": false,
        "mineCount": 0,
        "state": 0,
      },
      Object {
        "hasMine": false,
        "mineCount": 0,
        "state": 0,
      },
      Object {
        "hasMine": false,
        "mineCount": 0,
        "state": 0,
      },
      Object {
        "hasMine": false,
        "mineCount": 0,
        "state": 0,
      },
      Object {
        "hasMine": false,
        "mineCount": 0,
        "state": 0,
      },
      Object {
        "hasMine": false,
        "mineCount": 0,
        "state": 0,
      },
      Object {
        "hasMine": false,
        "mineCount": 0,
        "state": 0,
      },
      Object {
        "hasMine": false,
        "mineCount": 0,
        "state": 0,
      },
    ],
    Array [
      Object {
        "hasMine": false,
        "mineCount": 0,
        "state": 0,
      },
      Object {
        "hasMine": false,
        "mineCount": 0,
        "state": 0,
      },
      Object {
        "hasMine": false,
        "mineCount": 0,
        "state": 0,
      },
      Object {
        "hasMine": false,
        "mineCount": 0,
        "state": 0,
      },
      Object {
        "hasMine": false,
        "mineCount": 0,
        "state": 0,
      },
      Object {
        "hasMine": false,
        "mineCount": 0,
        "state": 0,
      },
      Object {
        "hasMine": false,
        "mineCount": 0,
        "state": 0,
      },
      Object {
        "hasMine": false,
        "mineCount": 0,
        "state": 0,
      },
      Object {
        "hasMine": false,
        "mineCount": 0,
        "state": 0,
      },
      Object {
        "hasMine": false,
        "mineCount": 0,
        "state": 0,
      },
      Object {
        "hasMine": false,
        "mineCount": 0,
        "state": 0,
      },
      Object {
        "hasMine": false,
        "mineCount": 0,
        "state": 0,
      },
      Object {
        "hasMine": false,
        "mineCount": 0,
        "state": 0,
      },
      Object {
        "hasMine": false,
        "mineCount": 0,
        "state": 0,
      },
      Object {
        "hasMine": false,
        "mineCount": 0,
        "state": 0,
      },
      Object {
        "hasMine": false,
        "mineCount": 0,
        "state": 0,
      },
    ],
    Array [
      Object {
        "hasMine": false,
        "mineCount": 0,
        "state": 0,
      },
      Object {
        "hasMine": false,
        "mineCount": 0,
        "state": 0,
      },
      Object {
        "hasMine": false,
        "mineCount": 0,
        "state": 0,
      },
      Object {
        "hasMine": false,
        "mineCount": 0,
        "state": 0,
      },
      Object {
        "hasMine": false,
        "mineCount": 0,
        "state": 0,
      },
      Object {
        "hasMine": false,
        "mineCount": 0,
        "state": 0,
      },
      Object {
        "hasMine": false,
        "mineCount": 0,
        "state": 0,
      },
      Object {
        "hasMine": false,
        "mineCount": 0,
        "state": 0,
      },
      Object {
        "hasMine": false,
        "mineCount": 0,
        "state": 0,
      },
      Object {
        "hasMine": false,
        "mineCount": 0,
        "state": 0,
      },
      Object {
        "hasMine": false,
        "mineCount": 0,
        "state": 0,
      },
      Object {
        "hasMine": false,
        "mineCount": 0,
        "state": 0,
      },
      Object {
        "hasMine": false,
        "mineCount": 0,
        "state": 0,
      },
      Object {
        "hasMine": false,
        "mineCount": 0,
        "state": 0,
      },
      Object {
        "hasMine": false,
        "mineCount": 0,
        "state": 0,
      },
      Object {
        "hasMine": false,
        "mineCount": 0,
        "state": 0,
      },
    ],
    Array [
      Object {
        "hasMine": false,
        "mineCount": 0,
        "state": 0,
      },
      Object {
        "hasMine": false,
        "mineCount": 0,
        "state": 0,
      },
      Object {
        "hasMine": false,
        "mineCount": 0,
        "state": 0,
      },
      Object {
        "hasMine": false,
        "mineCount": 0,
        "state": 0,
      },
      Object {
        "hasMine": false,
        "mineCount": 0,
        "state": 0,
      },
      Object {
        "hasMine": false,
        "mineCount": 0,
        "state": 0,
      },
      Object {
        "hasMine": false,
        "mineCount": 0,
        "state": 0,
      },
      Object {
        "hasMine": false,
        "mineCount": 0,
        "state": 0,
      },
      Object {
        "hasMine": false,
        "mineCount": 0,
        "state": 0,
      },
      Object {
        "hasMine": false,
        "mineCount": 0,
        "state": 0,
      },
      Object {
        "hasMine": false,
        "mineCount": 0,
        "state": 0,
      },
      Object {
        "hasMine": false,
        "mineCount": 0,
        "state": 0,
      },
      Object {
        "hasMine": false,
        "mineCount": 0,
        "state": 0,
      },
      Object {
        "hasMine": false,
        "mineCount": 0,
        "state": 0,
      },
      Object {
        "hasMine": false,
        "mineCount": 0,
        "state": 0,
      },
      Object {
        "hasMine": false,
        "mineCount": 0,
        "state": 0,
      },
    ],
    Array [
      Object {
        "hasMine": false,
        "mineCount": 0,
        "state": 0,
      },
      Object {
        "hasMine": false,
        "mineCount": 0,
        "state": 0,
      },
      Object {
        "hasMine": false,
        "mineCount": 0,
        "state": 0,
      },
      Object {
        "hasMine": false,
        "mineCount": 0,
        "state": 0,
      },
      Object {
        "hasMine": false,
        "mineCount": 0,
        "state": 0,
      },
      Object {
        "hasMine": false,
        "mineCount": 0,
        "state": 0,
      },
      Object {
        "hasMine": false,
        "mineCount": 0,
        "state": 0,
      },
      Object {
        "hasMine": false,
        "mineCount": 0,
        "state": 0,
      },
      Object {
        "hasMine": false,
        "mineCount": 0,
        "state": 0,
      },
      Object {
        "hasMine": false,
        "mineCount": 0,
        "state": 0,
      },
      Object {
        "hasMine": false,
        "mineCount": 0,
        "state": 0,
      },
      Object {
        "hasMine": false,
        "mineCount": 0,
        "state": 0,
      },
      Object {
        "hasMine": false,
        "mineCount": 0,
        "state": 0,
      },
      Object {
        "hasMine": false,
        "mineCount": 0,
        "state": 0,
      },
      Object {
        "hasMine": false,
        "mineCount": 0,
        "state": 0,
      },
      Object {
        "hasMine": false,
        "mineCount": 0,
        "state": 0,
      },
    ],
    Array [
      Object {
        "hasMine": false,
        "mineCount": 0,
        "state": 0,
      },
      Object {
        "hasMine": false,
        "mineCount": 0,
        "state": 0,
      },
      Object {
        "hasMine": false,
        "mineCount": 0,
        "state": 0,
      },
      Object {
        "hasMine": false,
        "mineCount": 0,
        "state": 0,
      },
      Object {
        "hasMine": false,
        "mineCount": 0,
        "state": 0,
      },
      Object {
        "hasMine": false,
        "mineCount": 0,
        "state": 0,
      },
      Object {
        "hasMine": false,
        "mineCount": 0,
        "state": 0,
      },
      Object {
        "hasMine": false,
        "mineCount": 0,
        "state": 0,
      },
      Object {
        "hasMine": false,
        "mineCount": 0,
        "state": 0,
      },
      Object {
        "hasMine": false,
        "mineCount": 0,
        "state": 0,
      },
      Object {
        "hasMine": false,
        "mineCount": 0,
        "state": 0,
      },
      Object {
        "hasMine": false,
        "mineCount": 0,
        "state": 0,
      },
      Object {
        "hasMine": false,
        "mineCount": 0,
        "state": 0,
      },
      Object {
        "hasMine": false,
        "mineCount": 0,
        "state": 0,
      },
      Object {
        "hasMine": false,
        "mineCount": 0,
        "state": 0,
      },
      Object {
        "hasMine": false,
        "mineCount": 0,
        "state": 0,
      },
    ],
    Array [
      Object {
        "hasMine": false,
        "mineCount": 0,
        "state": 0,
      },
      Object {
        "hasMine": false,
        "mineCount": 0,
        "state": 0,
      },
      Object {
        "hasMine": false,
        "mineCount": 0,
        "state": 0,
      },
      Object {
        "hasMine": false,
        "mineCount": 0,
        "state": 0,
      },
      Object {
        "hasMine": false,
        "mineCount": 0,
        "state": 0,
      },
      Object {
        "hasMine": false,
        "mineCount": 0,
        "state": 0,
      },
      Object {
        "hasMine": false,
        "mineCount": 0,
        "state": 0,
      },
      Object {
        "hasMine": false,
        "mineCount": 0,
        "state": 0,
      },
      Object {
        "hasMine": false,
        "mineCount": 0,
        "state": 0,
      },
      Object {
        "hasMine": false,
        "mineCount": 0,
        "state": 0,
      },
      Object {
        "hasMine": false,
        "mineCount": 0,
        "state": 0,
      },
      Object {
        "hasMine": false,
        "mineCount": 0,
        "state": 0,
      },
      Object {
        "hasMine": false,
        "mineCount": 0,
        "state": 0,
      },
      Object {
        "hasMine": false,
        "mineCount": 0,
        "state": 0,
      },
      Object {
        "hasMine": false,
        "mineCount": 0,
        "state": 0,
      },
      Object {
        "hasMine": false,
        "mineCount": 0,
        "state": 0,
      },
    ],
    Array [
      Object {
        "hasMine": false,
        "mineCount": 0,
        "state": 0,
      },
      Object {
        "hasMine": false,
        "mineCount": 0,
        "state": 0,
      },
      Object {
        "hasMine": false,
        "mineCount": 0,
        "state": 0,
      },
      Object {
        "hasMine": false,
        "mineCount": 0,
        "state": 0,
      },
      Object {
        "hasMine": false,
        "mineCount": 0,
        "state": 0,
      },
      Object {
        "hasMine": false,
        "mineCount": 0,
        "state": 0,
      },
      Object {
        "hasMine": false,
        "mineCount": 0,
        "state": 0,
      },
      Object {
        "hasMine": false,
        "mineCount": 0,
        "state": 0,
      },
      Object {
        "hasMine": false,
        "mineCount": 0,
        "state": 0,
      },
      Object {
        "hasMine": false,
        "mineCount": 0,
        "state": 0,
      },
      Object {
        "hasMine": false,
        "mineCount": 0,
        "state": 0,
      },
      Object {
        "hasMine": false,
        "mineCount": 0,
        "state": 0,
      },
      Object {
        "hasMine": false,
        "mineCount": 0,
        "state": 0,
      },
      Object {
        "hasMine": false,
        "mineCount": 0,
        "state": 0,
      },
      Object {
        "hasMine": false,
        "mineCount": 0,
        "state": 0,
      },
      Object {
        "hasMine": false,
        "mineCount": 0,
        "state": 0,
      },
    ],
    Array [
      Object {
        "hasMine": false,
        "mineCount": 0,
        "state": 0,
      },
      Object {
        "hasMine": false,
        "mineCount": 0,
        "state": 0,
      },
      Object {
        "hasMine": false,
        "mineCount": 0,
        "state": 0,
      },
      Object {
        "hasMine": false,
        "mineCount": 0,
        "state": 0,
      },
      Object {
        "hasMine": false,
        "mineCount": 0,
        "state": 0,
      },
      Object {
        "hasMine": false,
        "mineCount": 0,
        "state": 0,
      },
      Object {
        "hasMine": false,
        "mineCount": 0,
        "state": 0,
      },
      Object {
        "hasMine": false,
        "mineCount": 0,
        "state": 0,
      },
      Object {
        "hasMine": false,
        "mineCount": 0,
        "state": 0,
      },
      Object {
        "hasMine": false,
        "mineCount": 0,
        "state": 0,
      },
      Object {
        "hasMine": false,
        "mineCount": 0,
        "state": 0,
      },
      Object {
        "hasMine": false,
        "mineCount": 0,
        "state": 0,
      },
      Object {
        "hasMine": false,
        "mineCount": 0,
        "state": 0,
      },
      Object {
        "hasMine": false,
        "mineCount": 0,
        "state": 0,
      },
      Object {
        "hasMine": false,
        "mineCount": 0,
        "state": 0,
      },
      Object {
        "hasMine": false,
        "mineCount": 0,
        "state": 0,
      },
    ],
    Array [
      Object {
        "hasMine": false,
        "mineCount": 0,
        "state": 0,
      },
      Object {
        "hasMine": false,
        "mineCount": 0,
        "state": 0,
      },
      Object {
        "hasMine": false,
        "mineCount": 0,
        "state": 0,
      },
      Object {
        "hasMine": false,
        "mineCount": 0,
        "state": 0,
      },
      Object {
        "hasMine": false,
        "mineCount": 0,
        "state": 0,
      },
      Object {
        "hasMine": false,
        "mineCount": 0,
        "state": 0,
      },
      Object {
        "hasMine": false,
        "mineCount": 0,
        "state": 0,
      },
      Object {
        "hasMine": false,
        "mineCount": 0,
        "state": 0,
      },
      Object {
        "hasMine": false,
        "mineCount": 0,
        "state": 0,
      },
      Object {
        "hasMine": false,
        "mineCount": 0,
        "state": 0,
      },
      Object {
        "hasMine": false,
        "mineCount": 0,
        "state": 0,
      },
      Object {
        "hasMine": false,
        "mineCount": 0,
        "state": 0,
      },
      Object {
        "hasMine": false,
        "mineCount": 0,
        "state": 0,
      },
      Object {
        "hasMine": false,
        "mineCount": 0,
        "state": 0,
      },
      Object {
        "hasMine": false,
        "mineCount": 0,
        "state": 0,
      },
      Object {
        "hasMine": false,
        "mineCount": 0,
        "state": 0,
      },
    ],
    Array [
      Object {
        "hasMine": false,
        "mineCount": 0,
        "state": 0,
      },
      Object {
        "hasMine": false,
        "mineCount": 0,
        "state": 0,
      },
      Object {
        "hasMine": false,
        "mineCount": 0,
        "state": 0,
      },
      Object {
        "hasMine": false,
        "mineCount": 0,
        "state": 0,
      },
      Object {
        "hasMine": false,
        "mineCount": 0,
        "state": 0,
      },
      Object {
        "hasMine": false,
        "mineCount": 0,
        "state": 0,
      },
      Object {
        "hasMine": false,
        "mineCount": 0,
        "state": 0,
      },
      Object {
        "hasMine": false,
        "mineCount": 0,
        "state": 0,
      },
      Object {
        "hasMine": false,
        "mineCount": 0,
        "state": 0,
      },
      Object {
        "hasMine": false,
        "mineCount": 0,
        "state": 0,
      },
      Object {
        "hasMine": false,
        "mineCount": 0,
        "state": 0,
      },
      Object {
        "hasMine": false,
        "mineCount": 0,
        "state": 0,
      },
      Object {
        "hasMine": false,
        "mineCount": 0,
        "state": 0,
      },
      Object {
        "hasMine": false,
        "mineCount": 0,
        "state": 0,
      },
      Object {
        "hasMine": false,
        "mineCount": 0,
        "state": 0,
      },
      Object {
        "hasMine": false,
        "mineCount": 0,
        "state": 0,
      },
    ],
  ],
  "config": Object {
    "mines": 40,
    "x": 16,
    "y": 16,
  },
  "seeded": false,
}
`;
